18:48:58 **** Incremental Build of configuration Debug for project test ****
make pre-build main-build 
a9-linaro-pre-build-step
' '
make: No se hace nada para `main-build'.
18:49:04 **** Incremental Build of configuration Debug for project test ****
make pre-build main-build 
a9-linaro-pre-build-step
' '
make: No se hace nada para `main-build'.
18:50:11 **** Incremental Build of configuration Debug for project test ****
make pre-build main-build 
a9-linaro-pre-build-step
' '
make: No se hace nada para `main-build'.
18:50:50 **** Incremental Build of configuration Debug for project test ****
make pre-build main-build 
a9-linaro-pre-build-step
' '
make: No se hace nada para `main-build'.
18:51:58 **** Incremental Build of configuration Debug for project test ****
make pre-build main-build 
a9-linaro-pre-build-step
' '
make: No se hace nada para `main-build'.
18:52:47 **** Incremental Build of configuration Debug for project test ****
make pre-build main-build 
a9-linaro-pre-build-step
' '
make: No se hace nada para `main-build'.
18:55:38 **** Auto Build of configuration Debug for project test ****
make pre-build main-build 
a9-linaro-pre-build-step
' '
'Building file: ../src/helloworld.c'
'Invoking: ARM v7 gcc compiler'
arm-none-eabi-gcc -Wall -O0 -g3 -c -fmessage-length=0 -MT"src/helloworld.o" -mcpu=cortex-a9 -mfpu=vfpv3 -mfloat-abi=hard -I../../test_bsp/ps7_cortexa9_0/include -MMD -MP -MF"src/helloworld.d" -MT"src/helloworld.o" -o "src/helloworld.o" "../src/helloworld.c"
../src/helloworld.c: In function 'main':
../src/helloworld.c:56:9: warning: unused variable 'a' [-Wunused-variable]
     int a = 10;
         ^
'Finished building: ../src/helloworld.c'
' '
'Building target: test.elf'
'Invoking: ARM v7 gcc linker'
arm-none-eabi-gcc -mcpu=cortex-a9 -mfpu=vfpv3 -mfloat-abi=hard -Wl,-build-id=none -specs=Xilinx.spec -Wl,-T -Wl,../src/lscript.ld -L../../test_bsp/ps7_cortexa9_0/lib -o "test.elf"  ./src/helloworld.o ./src/platform.o   -Wl,--start-group,-lxil,-lgcc,-lc,--end-group
'Finished building target: test.elf'
' '
'Invoking: ARM v7 Print Size'
arm-none-eabi-size test.elf  |tee "test.elf.size"
   text	   data	    bss	    dec	    hex	filename
  22340	   1148	  22568	  46056	   b3e8	test.elf
'Finished building: test.elf.size'
' '
18:55:41 **** Incremental Build of configuration Debug for project test ****
make pre-build main-build 
a9-linaro-pre-build-step
' '
make: No se hace nada para `main-build'.
18:56:21 **** Incremental Build of configuration Debug for project test ****
make pre-build main-build 
a9-linaro-pre-build-step
' '
make: No se hace nada para `main-build'.
18:58:06 **** Incremental Build of configuration Debug for project test ****
make pre-build main-build 
a9-linaro-pre-build-step
' '
make: No se hace nada para `main-build'.
18:58:33 **** Incremental Build of configuration Debug for project test ****
make pre-build main-build 
a9-linaro-pre-build-step
' '
make: No se hace nada para `main-build'.
18:59:41 **** Incremental Build of configuration Debug for project test ****
make pre-build main-build 
a9-linaro-pre-build-step
' '
make: No se hace nada para `main-build'.
19:00:03 **** Incremental Build of configuration Debug for project test ****
make pre-build main-build 
a9-linaro-pre-build-step
' '
make: No se hace nada para `main-build'.
19:08:56 **** Auto Build of configuration Debug for project test ****
make pre-build main-build 
a9-linaro-pre-build-step
' '
'Building file: ../src/helloworld.c'
'Invoking: ARM v7 gcc compiler'
arm-none-eabi-gcc -Wall -O0 -g3 -c -fmessage-length=0 -MT"src/helloworld.o" -mcpu=cortex-a9 -mfpu=vfpv3 -mfloat-abi=hard -I../../test_bsp/ps7_cortexa9_0/include -MMD -MP -MF"src/helloworld.d" -MT"src/helloworld.o" -o "src/helloworld.o" "../src/helloworld.c"
../src/helloworld.c: In function 'main':
../src/helloworld.c:74:24: error: expected expression before ')' token
     for(int i = 0; i < )
                        ^
../src/helloworld.c:75:27: warning: passing argument 1 of 'addb_gateway_in_write' makes pointer from integer without a cast [-Wint-conversion]
     addb_gateway_in_write(data_1[i]);
                           ^~~~~~
In file included from ../src/helloworld.c:51:0:
../../test_bsp/ps7_cortexa9_0/include/addb.h:109:6: note: expected 'addb * {aka struct <anonymous> *}' but argument is of type 'short int'
 void addb_gateway_in_write(addb *InstancePtr, int Data);
      ^~~~~~~~~~~~~~~~~~~~~
../src/helloworld.c:75:5: error: too few arguments to function 'addb_gateway_in_write'
     addb_gateway_in_write(data_1[i]);
     ^~~~~~~~~~~~~~~~~~~~~
In file included from ../src/helloworld.c:51:0:
../../test_bsp/ps7_cortexa9_0/include/addb.h:109:6: note: declared here
 void addb_gateway_in_write(addb *InstancePtr, int Data);
      ^~~~~~~~~~~~~~~~~~~~~
../src/helloworld.c:76:35: error: 'i' undeclared (first use in this function)
     addb_gateway_in1_write(data_2[i])
                                   ^
../src/helloworld.c:76:35: note: each undeclared identifier is reported only once for each function it appears in
../src/helloworld.c:76:5: error: too few arguments to function 'addb_gateway_in1_write'
     addb_gateway_in1_write(data_2[i])
     ^~~~~~~~~~~~~~~~~~~~~~
In file included from ../src/helloworld.c:51:0:
../../test_bsp/ps7_cortexa9_0/include/addb.h:86:6: note: declared here
 void addb_gateway_in1_write(addb *InstancePtr, int Data);
      ^~~~~~~~~~~~~~~~~~~~~~
../src/helloworld.c:78:5: error: expected ';' before 'cleanup_platform'
     cleanup_platform();
     ^~~~~~~~~~~~~~~~
../src/helloworld.c:58:15: warning: unused variable 'data_out' [-Wunused-variable]
     short int data_out[5];
               ^~~~~~~~
../src/helloworld.c:57:44: warning: variable 'data_2' set but not used [-Wunused-but-set-variable]
     short int data_1[5] = {1, 2, 3, 4, 5}, data_2[5] = {1, 2, 3, 4, 5};
                                            ^~~~~~
make: *** [src/helloworld.o] Error 1
19:09:45 **** Auto Build of configuration Debug for project test ****
make pre-build main-build 
a9-linaro-pre-build-step
' '
'Building file: ../src/helloworld.c'
'Invoking: ARM v7 gcc compiler'
arm-none-eabi-gcc -Wall -O0 -g3 -c -fmessage-length=0 -MT"src/helloworld.o" -mcpu=cortex-a9 -mfpu=vfpv3 -mfloat-abi=hard -I../../test_bsp/ps7_cortexa9_0/include -MMD -MP -MF"src/helloworld.d" -MT"src/helloworld.o" -o "src/helloworld.o" "../src/helloworld.c"
../src/helloworld.c: In function 'main':
../src/helloworld.c:75:28: warning: passing argument 1 of 'addb_gateway_in_write' makes pointer from integer without a cast [-Wint-conversion]
      addb_gateway_in_write(data_1[i]);
                            ^~~~~~
In file included from ../src/helloworld.c:51:0:
../../test_bsp/ps7_cortexa9_0/include/addb.h:109:6: note: expected 'addb * {aka struct <anonymous> *}' but argument is of type 'short int'
 void addb_gateway_in_write(addb *InstancePtr, int Data);
      ^~~~~~~~~~~~~~~~~~~~~
../src/helloworld.c:75:6: error: too few arguments to function 'addb_gateway_in_write'
      addb_gateway_in_write(data_1[i]);
      ^~~~~~~~~~~~~~~~~~~~~
In file included from ../src/helloworld.c:51:0:
../../test_bsp/ps7_cortexa9_0/include/addb.h:109:6: note: declared here
 void addb_gateway_in_write(addb *InstancePtr, int Data);
      ^~~~~~~~~~~~~~~~~~~~~
../src/helloworld.c:76:29: warning: passing argument 1 of 'addb_gateway_in1_write' makes pointer from integer without a cast [-Wint-conversion]
      addb_gateway_in1_write(data_2[i]);
                             ^~~~~~
In file included from ../src/helloworld.c:51:0:
../../test_bsp/ps7_cortexa9_0/include/addb.h:86:6: note: expected 'addb * {aka struct <anonymous> *}' but argument is of type 'short int'
 void addb_gateway_in1_write(addb *InstancePtr, int Data);
      ^~~~~~~~~~~~~~~~~~~~~~
../src/helloworld.c:76:6: error: too few arguments to function 'addb_gateway_in1_write'
      addb_gateway_in1_write(data_2[i]);
      ^~~~~~~~~~~~~~~~~~~~~~
In file included from ../src/helloworld.c:51:0:
../../test_bsp/ps7_cortexa9_0/include/addb.h:86:6: note: declared here
 void addb_gateway_in1_write(addb *InstancePtr, int Data);
      ^~~~~~~~~~~~~~~~~~~~~~
../src/helloworld.c:58:15: warning: variable 'data_out' set but not used [-Wunused-but-set-variable]
     short int data_out[n];
               ^~~~~~~~
make: *** [src/helloworld.o] Error 1
19:09:58 **** Auto Build of configuration Debug for project test ****
make pre-build main-build 
a9-linaro-pre-build-step
' '
'Building file: ../src/helloworld.c'
'Invoking: ARM v7 gcc compiler'
arm-none-eabi-gcc -Wall -O0 -g3 -c -fmessage-length=0 -MT"src/helloworld.o" -mcpu=cortex-a9 -mfpu=vfpv3 -mfloat-abi=hard -I../../test_bsp/ps7_cortexa9_0/include -MMD -MP -MF"src/helloworld.d" -MT"src/helloworld.o" -o "src/helloworld.o" "../src/helloworld.c"
../src/helloworld.c: In function 'main':
../src/helloworld.c:58:15: warning: variable 'data_out' set but not used [-Wunused-but-set-variable]
     short int data_out[n];
               ^~~~~~~~
../src/helloworld.c:61:24: warning: 'structure' is used uninitialized in this function [-Wuninitialized]
     structure->IsReady = XIL_COMPONENT_IS_READY;
                         
../src/helloworld.c:65:29: warning: 'configuration' is used uninitialized in this function [-Wuninitialized]
     configuration->DeviceId = XPAR_ADDB_0_DEVICE_ID;
                              
'Finished building: ../src/helloworld.c'
' '
'Building target: test.elf'
'Invoking: ARM v7 gcc linker'
arm-none-eabi-gcc -mcpu=cortex-a9 -mfpu=vfpv3 -mfloat-abi=hard -Wl,-build-id=none -specs=Xilinx.spec -Wl,-T -Wl,../src/lscript.ld -L../../test_bsp/ps7_cortexa9_0/lib -o "test.elf"  ./src/helloworld.o ./src/platform.o   -Wl,--start-group,-lxil,-lgcc,-lc,--end-group
'Finished building target: test.elf'
' '
'Invoking: ARM v7 Print Size'
arm-none-eabi-size test.elf  |tee "test.elf.size"
   text	   data	    bss	    dec	    hex	filename
  23484	   1156	  22584	  47224	   b878	test.elf
'Finished building: test.elf.size'
' '
19:10:28 **** Auto Build of configuration Debug for project test ****
make pre-build main-build 
a9-linaro-pre-build-step
' '
'Building file: ../src/helloworld.c'
'Invoking: ARM v7 gcc compiler'
arm-none-eabi-gcc -Wall -O0 -g3 -c -fmessage-length=0 -MT"src/helloworld.o" -mcpu=cortex-a9 -mfpu=vfpv3 -mfloat-abi=hard -I../../test_bsp/ps7_cortexa9_0/include -MMD -MP -MF"src/helloworld.d" -MT"src/helloworld.o" -o "src/helloworld.o" "../src/helloworld.c"
../src/helloworld.c: In function 'main':
../src/helloworld.c:58:15: warning: variable 'data_out' set but not used [-Wunused-but-set-variable]
     short int data_out[n];
               ^~~~~~~~
../src/helloworld.c:61:24: warning: 'structure' is used uninitialized in this function [-Wuninitialized]
     structure->IsReady = XIL_COMPONENT_IS_READY;
                         
../src/helloworld.c:65:29: warning: 'configuration' is used uninitialized in this function [-Wuninitialized]
     configuration->DeviceId = XPAR_ADDB_0_DEVICE_ID;
                              
'Finished building: ../src/helloworld.c'
' '
'Building target: test.elf'
'Invoking: ARM v7 gcc linker'
arm-none-eabi-gcc -mcpu=cortex-a9 -mfpu=vfpv3 -mfloat-abi=hard -Wl,-build-id=none -specs=Xilinx.spec -Wl,-T -Wl,../src/lscript.ld -L../../test_bsp/ps7_cortexa9_0/lib -o "test.elf"  ./src/helloworld.o ./src/platform.o   -Wl,--start-group,-lxil,-lgcc,-lc,--end-group
'Finished building target: test.elf'
' '
'Invoking: ARM v7 Print Size'
arm-none-eabi-size test.elf  |tee "test.elf.size"
   text	   data	    bss	    dec	    hex	filename
  23516	   1156	  22584	  47256	   b898	test.elf
'Finished building: test.elf.size'
' '
19:11:25 **** Auto Build of configuration Debug for project test ****
make pre-build main-build 
a9-linaro-pre-build-step
' '
'Building file: ../src/helloworld.c'
'Invoking: ARM v7 gcc compiler'
arm-none-eabi-gcc -Wall -O0 -g3 -c -fmessage-length=0 -MT"src/helloworld.o" -mcpu=cortex-a9 -mfpu=vfpv3 -mfloat-abi=hard -I../../test_bsp/ps7_cortexa9_0/include -MMD -MP -MF"src/helloworld.d" -MT"src/helloworld.o" -o "src/helloworld.o" "../src/helloworld.c"
../src/helloworld.c: In function 'main':
../src/helloworld.c:58:15: warning: variable 'data_out' set but not used [-Wunused-but-set-variable]
     short int data_out[n];
               ^~~~~~~~
'Finished building: ../src/helloworld.c'
' '
'Building target: test.elf'
'Invoking: ARM v7 gcc linker'
arm-none-eabi-gcc -mcpu=cortex-a9 -mfpu=vfpv3 -mfloat-abi=hard -Wl,-build-id=none -specs=Xilinx.spec -Wl,-T -Wl,../src/lscript.ld -L../../test_bsp/ps7_cortexa9_0/lib -o "test.elf"  ./src/helloworld.o ./src/platform.o   -Wl,--start-group,-lxil,-lgcc,-lc,--end-group
'Finished building target: test.elf'
' '
'Invoking: ARM v7 Print Size'
arm-none-eabi-size test.elf  |tee "test.elf.size"
   text	   data	    bss	    dec	    hex	filename
  23532	   1156	  22584	  47272	   b8a8	test.elf
'Finished building: test.elf.size'
' '
19:11:39 **** Auto Build of configuration Debug for project test ****
make pre-build main-build 
a9-linaro-pre-build-step
' '
'Building file: ../src/helloworld.c'
'Invoking: ARM v7 gcc compiler'
arm-none-eabi-gcc -Wall -O0 -g3 -c -fmessage-length=0 -MT"src/helloworld.o" -mcpu=cortex-a9 -mfpu=vfpv3 -mfloat-abi=hard -I../../test_bsp/ps7_cortexa9_0/include -MMD -MP -MF"src/helloworld.d" -MT"src/helloworld.o" -o "src/helloworld.o" "../src/helloworld.c"
../src/helloworld.c: In function 'main':
../src/helloworld.c:58:15: warning: variable 'data_out' set but not used [-Wunused-but-set-variable]
     short int data_out[n] = {0, 0, 0, 0, 0};
               ^~~~~~~~
'Finished building: ../src/helloworld.c'
' '
'Building target: test.elf'
'Invoking: ARM v7 gcc linker'
arm-none-eabi-gcc -mcpu=cortex-a9 -mfpu=vfpv3 -mfloat-abi=hard -Wl,-build-id=none -specs=Xilinx.spec -Wl,-T -Wl,../src/lscript.ld -L../../test_bsp/ps7_cortexa9_0/lib -o "test.elf"  ./src/helloworld.o ./src/platform.o   -Wl,--start-group,-lxil,-lgcc,-lc,--end-group
'Finished building target: test.elf'
' '
'Invoking: ARM v7 Print Size'
arm-none-eabi-size test.elf  |tee "test.elf.size"
   text	   data	    bss	    dec	    hex	filename
  23552	   1156	  22584	  47292	   b8bc	test.elf
'Finished building: test.elf.size'
' '
19:11:43 **** Incremental Build of configuration Debug for project test ****
make pre-build main-build 
a9-linaro-pre-build-step
' '
make: No se hace nada para `main-build'.
19:13:09 **** Auto Build of configuration Debug for project test ****
make pre-build main-build 
a9-linaro-pre-build-step
' '
'Building file: ../src/helloworld.c'
'Invoking: ARM v7 gcc compiler'
arm-none-eabi-gcc -Wall -O0 -g3 -c -fmessage-length=0 -MT"src/helloworld.o" -mcpu=cortex-a9 -mfpu=vfpv3 -mfloat-abi=hard -I../../test_bsp/ps7_cortexa9_0/include -MMD -MP -MF"src/helloworld.d" -MT"src/helloworld.o" -o "src/helloworld.o" "../src/helloworld.c"
../src/helloworld.c: In function 'main':
../src/helloworld.c:78:6: error: too many arguments to function 'print'
      print("Result %d is: %d + %d = %d\n\r", i, data_1[i], data_2[i], data_out[i]);
      ^~~~~
In file included from ../src/helloworld.c:50:0:
../../test_bsp/ps7_cortexa9_0/include/xil_printf.h:36:6: note: declared here
 void print( const char8 *ptr);
      ^~~~~
make: *** [src/helloworld.o] Error 1
19:13:11 **** Incremental Build of configuration Debug for project test ****
make pre-build main-build 
a9-linaro-pre-build-step
' '
'Building file: ../src/helloworld.c'
'Invoking: ARM v7 gcc compiler'
arm-none-eabi-gcc -Wall -O0 -g3 -c -fmessage-length=0 -MT"src/helloworld.o" -mcpu=cortex-a9 -mfpu=vfpv3 -mfloat-abi=hard -I../../test_bsp/ps7_cortexa9_0/include -MMD -MP -MF"src/helloworld.d" -MT"src/helloworld.o" -o "src/helloworld.o" "../src/helloworld.c"
../src/helloworld.c: In function 'main':
../src/helloworld.c:78:6: error: too many arguments to function 'print'
      print("Result %d is: %d + %d = %d\n\r", i, data_1[i], data_2[i], data_out[i]);
      ^~~~~
In file included from ../src/helloworld.c:50:0:
../../test_bsp/ps7_cortexa9_0/include/xil_printf.h:36:6: note: declared here
 void print( const char8 *ptr);
      ^~~~~
make: *** [src/helloworld.o] Error 1
19:13:44 **** Auto Build of configuration Debug for project test ****
make pre-build main-build 
a9-linaro-pre-build-step
' '
'Building file: ../src/helloworld.c'
'Invoking: ARM v7 gcc compiler'
arm-none-eabi-gcc -Wall -O0 -g3 -c -fmessage-length=0 -MT"src/helloworld.o" -mcpu=cortex-a9 -mfpu=vfpv3 -mfloat-abi=hard -I../../test_bsp/ps7_cortexa9_0/include -MMD -MP -MF"src/helloworld.d" -MT"src/helloworld.o" -o "src/helloworld.o" "../src/helloworld.c"
'Finished building: ../src/helloworld.c'
' '
'Building target: test.elf'
'Invoking: ARM v7 gcc linker'
arm-none-eabi-gcc -mcpu=cortex-a9 -mfpu=vfpv3 -mfloat-abi=hard -Wl,-build-id=none -specs=Xilinx.spec -Wl,-T -Wl,../src/lscript.ld -L../../test_bsp/ps7_cortexa9_0/lib -o "test.elf"  ./src/helloworld.o ./src/platform.o   -Wl,--start-group,-lxil,-lgcc,-lc,--end-group
'Finished building target: test.elf'
' '
'Invoking: ARM v7 Print Size'
arm-none-eabi-size test.elf  |tee "test.elf.size"
   text	   data	    bss	    dec	    hex	filename
  75340	   2592	  23344	 101276	  18b9c	test.elf
'Finished building: test.elf.size'
' '
19:13:45 **** Incremental Build of configuration Debug for project test ****
make pre-build main-build 
a9-linaro-pre-build-step
' '
make: No se hace nada para `main-build'.
